10 10
Bgrass/sprite_26 0 Bgrass/sprite_27 0 Bgrass/sprite_27 0 Bgrass/sprite_27 0 Bgrass/sprite_27 0 Bgrass/sprite_27 0 Bgrass/sprite_27 0 Bgrass/sprite_27 0 Bgrass/sprite_27 0 Bgrass/sprite_26 90 
Bgrass/sprite_27 270 Bgrass/sprite_00 0 Bgrass/sprite_00 0 Bgrass/sprite_00 0 Bgrass/sprite_00 0 Bgrass/sprite_00 0 Bgrass/sprite_00 0 Bgrass/sprite_00 0 Bgrass/sprite_00 0 Bgrass/sprite_27 90 
Bgrass/sprite_27 270 Bgrass/sprite_00 0 Bgrass/sprite_00 0 Bgrass/sprite_00 0 Bgrass/sprite_00 0 Bgrass/sprite_00 0 Bgrass/sprite_00 0 Bgrass/sprite_00 0 Bgrass/sprite_00 0 Bgrass/sprite_27 90 
Bgrass/sprite_27 270 Bgrass/sprite_00 0 Bgrass/sprite_00 0 Bgrass/sprite_00 0 Bgrass/sprite_00 0 Bgrass/sprite_00 0 Bgrass/sprite_00 0 Bgrass/sprite_00 0 Bgrass/sprite_00 0 Bgrass/sprite_27 90 
Bgrass/sprite_27 270 Bgrass/sprite_00 0 Bgrass/sprite_00 0 Bgrass/sprite_00 0 Bgrass/sprite_00 0 Bgrass/sprite_00 0 Bgrass/sprite_00 0 Bgrass/sprite_00 0 Bgrass/sprite_00 0 Bgrass/sprite_27 90 
Bgrass/sprite_27 270 Bgrass/sprite_00 0 Bgrass/sprite_00 0 Bgrass/sprite_00 0 Bgrass/sprite_00 0 Bgrass/sprite_00 0 Bgrass/sprite_00 0 Bgrass/sprite_00 0 Bgrass/sprite_00 0 Bgrass/sprite_27 90 
Bgrass/sprite_27 270 Bgrass/sprite_00 0 Bgrass/sprite_00 0 Bgrass/sprite_00 0 Bgrass/sprite_00 0 Bgrass/sprite_00 0 Bgrass/sprite_00 0 Bgrass/sprite_00 0 Bgrass/sprite_00 0 Bgrass/sprite_27 90 
Bgrass/sprite_27 270 Bgrass/sprite_00 0 Bgrass/sprite_00 0 Bgrass/sprite_00 0 Bgrass/sprite_00 0 Bgrass/sprite_00 0 Bgrass/sprite_00 0 Bgrass/sprite_00 0 Bgrass/sprite_00 0 Bgrass/sprite_27 90 
Bgrass/sprite_27 270 Bgrass/sprite_00 0 Bgrass/sprite_00 0 Bgrass/sprite_00 0 Bgrass/sprite_00 0 Bgrass/sprite_00 0 Bgrass/sprite_00 0 Bgrass/sprite_00 0 Bgrass/sprite_00 0 Bgrass/sprite_27 90 
Bgrass/sprite_26 270 Bgrass/sprite_27 180 Bgrass/sprite_27 180 Bgrass/sprite_27 180 Bgrass/sprite_27 180 Bgrass/sprite_27 180 Bgrass/sprite_27 180 Bgrass/sprite_27 180 Bgrass/sprite_47 0 Bgrass/sprite_48 0 
